// Jest Snapshot v1, https://goo.gl/fbAQLP

exports[`Dialog Single Dialog Should activate on click 1`] = `
<div data-app>
  <div class="dialog-wrapper dialog-wrapper__active"
       style="z-index: 202;"
       tabindex="0"
  >
    <div class="dialog-content dialog-content__active">
      <div>
        content
      </div>
    </div>
  </div>
  <div class="overlay overlay__active"
       style="z-index: 201;"
  >
    <div class="overlay-scrim"
         style="background-color: rgb(33, 33, 33); opacity: 0.46;"
    >
    </div>
    <div class="overlay-content">
    </div>
  </div>
  <div class="dialog">
  </div>
  <button>
    Dialog
  </button>
</div>
`;
