// Jest Snapshot v1, https://goo.gl/fbAQLP

exports[`GTextField should render prefix, transform label align to prefix 1`] = `
<div class="g-tf--wrapper">
  <div class="g-tf--prepend__outer">
  </div>
  <fieldset>
    <legend>
      Test label
    </legend>
    <div class="g-tf">
      <div class="g-tf--prepend__inner">
      </div>
      <div class="g-tf--affix">
        Prefix
      </div>
      <div class="inputGroup">
        <input id="input"
               type="text"
               label="Test label"
               class="g-tf--input"
        >
        <label for="input"
               class="g-tf--label"
        >
          Test label
        </label>
      </div>
      <div class="g-tf--append__inner">
      </div>
      <div class="g-tf--hint">
      </div>
      <div class="g-tf--counter"
           style="display: none;"
      >
        0 / false
      </div>
    </div>
  </fieldset>
  <div class="g-tf--append__outer">
  </div>
</div>
`;
