// Jest Snapshot v1, https://goo.gl/fbAQLP

exports[`GTextField should render test 1`] = `
<div class="tf-wrapper tf__filled tf-wrapper__error">
  <div class="tf-prepend__outer">
    <img src="../../../assets/delivery/avatar.svg"
         alt="avatar"
    >
  </div>
  <fieldset>
    <legend>
    </legend>
    <div class="tf tf__error">
      <div class="tf-prepend__inner">
        <img src="../../../assets/delivery/avatar.svg"
             alt="avatar"
        >
      </div>
      <div class="tf-affix">
        prefix
      </div>
      <div class="inputGroup">
        <input id="input"
               type="text"
               label="Has prefix"
               class="tf-input"
               style="color: red;"
        >
        <label for="input"
               class="tf-label"
               style="transform: translateY(-18px) translateX(0px)  scale(0.75); color: red;"
        >
          Has prefix
        </label>
      </div>
      <div class="tf-affix">
      </div>
      <div class="tf-append__inner">
        <img src="../../../assets/delivery/avatar.svg"
             alt="avatar"
        >
      </div>
    </div>
  </fieldset>
  <div class="tf-append__outer">
    <img src="../../assets/delivery/cancel.svg">
    <img src="../../../assets/delivery/avatar.svg"
         alt="avatar"
    >
  </div>
  <div class="tf-error">
    Min 5 characters.
  </div>
  <div class="tf-counter">
    4 / 25
  </div>
</div>
`;
