// Jest Snapshot v1, https://goo.gl/fbAQLP

exports[`GDatePickerTitle.js should render component and match snapshot (multiple) 1`] = `
<div class="g-date-picker-table g-date-picker-table--month">
  <table name="tab-transition">
    <tbody>
      <tr>
        <td>
          <button type="button"
                  class="g-btn"
          >
            <div class="g-btn__content">
              Jan
            </div>
          </button>
        </td>
        <td>
          <button type="button"
                  class="g-btn"
          >
            <div class="g-btn__content">
              Feb
            </div>
          </button>
        </td>
        <td>
          <button type="button"
                  class="g-btn"
          >
            <div class="g-btn__content">
              Mar
            </div>
          </button>
        </td>
      </tr>
      <tr>
        <td>
          <button type="button"
                  class="g-btn"
          >
            <div class="g-btn__content">
              Apr
            </div>
          </button>
        </td>
        <td>
          <button type="button"
                  class="g-btn g-btn--outlined"
          >
            <div class="g-btn__content">
              May
            </div>
          </button>
        </td>
        <td>
          <button type="button"
                  class="g-btn"
          >
            <div class="g-btn__content">
              Jun
            </div>
          </button>
        </td>
      </tr>
      <tr>
        <td>
          <button type="button"
                  class="g-btn"
          >
            <div class="g-btn__content">
              Jul
            </div>
          </button>
        </td>
        <td>
          <button type="button"
                  class="g-btn"
          >
            <div class="g-btn__content">
              Aug
            </div>
          </button>
        </td>
        <td>
          <button type="button"
                  class="g-btn"
          >
            <div class="g-btn__content">
              Sep
            </div>
          </button>
        </td>
      </tr>
      <tr>
        <td>
          <button type="button"
                  class="g-btn g-btn--active"
          >
            <div class="g-btn__content">
              Oct
            </div>
          </button>
        </td>
        <td>
          <button type="button"
                  class="g-btn g-btn--active"
          >
            <div class="g-btn__content">
              Nov
            </div>
          </button>
        </td>
        <td>
          <button type="button"
                  class="g-btn"
          >
            <div class="g-btn__content">
              Dec
            </div>
          </button>
        </td>
      </tr>
    </tbody>
  </table>
</div>
`;

exports[`GDatePickerTitle.js should render component and match snapshot 1`] = `
<div class="g-date-picker-table g-date-picker-table--month">
  <table name="tab-transition">
    <tbody>
      <tr>
        <td>
          <button type="button"
                  class="g-btn"
          >
            <div class="g-btn__content">
              Jan
            </div>
          </button>
        </td>
        <td>
          <button type="button"
                  class="g-btn"
          >
            <div class="g-btn__content">
              Feb
            </div>
          </button>
        </td>
        <td>
          <button type="button"
                  class="g-btn"
          >
            <div class="g-btn__content">
              Mar
            </div>
          </button>
        </td>
      </tr>
      <tr>
        <td>
          <button type="button"
                  class="g-btn"
          >
            <div class="g-btn__content">
              Apr
            </div>
          </button>
        </td>
        <td>
          <button type="button"
                  class="g-btn g-btn--outlined"
          >
            <div class="g-btn__content">
              May
            </div>
          </button>
        </td>
        <td>
          <button type="button"
                  class="g-btn"
          >
            <div class="g-btn__content">
              Jun
            </div>
          </button>
        </td>
      </tr>
      <tr>
        <td>
          <button type="button"
                  class="g-btn"
          >
            <div class="g-btn__content">
              Jul
            </div>
          </button>
        </td>
        <td>
          <button type="button"
                  class="g-btn"
          >
            <div class="g-btn__content">
              Aug
            </div>
          </button>
        </td>
        <td>
          <button type="button"
                  class="g-btn"
          >
            <div class="g-btn__content">
              Sep
            </div>
          </button>
        </td>
      </tr>
      <tr>
        <td>
          <button type="button"
                  class="g-btn"
          >
            <div class="g-btn__content">
              Oct
            </div>
          </button>
        </td>
        <td>
          <button type="button"
                  class="g-btn g-btn--active"
          >
            <div class="g-btn__content">
              Nov
            </div>
          </button>
        </td>
        <td>
          <button type="button"
                  class="g-btn"
          >
            <div class="g-btn__content">
              Dec
            </div>
          </button>
        </td>
      </tr>
    </tbody>
  </table>
</div>
`;

exports[`GDatePickerTitle.js should render component with events (array) and match snapshot 1`] = `
<div class="g-date-picker-table g-date-picker-table--month">
  <table name="tab-transition">
    <tbody>
      <tr>
        <td>
          <button type="button"
                  class="g-btn"
          >
            <div class="g-btn__content">
              Jan
            </div>
          </button>
        </td>
        <td>
          <button type="button"
                  class="g-btn"
          >
            <div class="g-btn__content">
              Feb
            </div>
          </button>
        </td>
        <td>
          <button type="button"
                  class="g-btn"
          >
            <div class="g-btn__content">
              Mar
            </div>
          </button>
        </td>
      </tr>
      <tr>
        <td>
          <button type="button"
                  class="g-btn"
          >
            <div class="g-btn__content">
              Apr
            </div>
          </button>
        </td>
        <td>
          <button type="button"
                  class="g-btn"
          >
            <div class="g-btn__content">
              May
            </div>
          </button>
        </td>
        <td>
          <button type="button"
                  class="g-btn"
          >
            <div class="g-btn__content">
              Jun
            </div>
          </button>
        </td>
      </tr>
      <tr>
        <td>
          <button type="button"
                  class="g-btn"
          >
            <div class="g-btn__content">
              Jul
            </div>
          </button>
        </td>
        <td>
          <button type="button"
                  class="g-btn"
          >
            <div class="g-btn__content">
              Aug
            </div>
          </button>
        </td>
        <td>
          <button type="button"
                  class="g-btn"
          >
            <div class="g-btn__content">
              Sep
            </div>
          </button>
        </td>
      </tr>
      <tr>
        <td>
          <button type="button"
                  class="g-btn"
          >
            <div class="g-btn__content">
              Oct
            </div>
          </button>
        </td>
        <td>
          <button type="button"
                  class="g-btn"
          >
            <div class="g-btn__content">
              Nov
            </div>
          </button>
        </td>
        <td>
          <button type="button"
                  class="g-btn"
          >
            <div class="g-btn__content">
              Dec
            </div>
          </button>
        </td>
      </tr>
    </tbody>
  </table>
</div>
`;

exports[`GDatePickerTitle.js should render component with events (function) and match snapshot 1`] = `
<div class="g-date-picker-table g-date-picker-table--month">
  <table name="tab-transition">
    <tbody>
      <tr>
        <td>
          <button type="button"
                  class="g-btn"
          >
            <div class="g-btn__content">
              Jan
            </div>
          </button>
        </td>
        <td>
          <button type="button"
                  class="g-btn"
          >
            <div class="g-btn__content">
              Feb
            </div>
          </button>
        </td>
        <td>
          <button type="button"
                  class="g-btn"
          >
            <div class="g-btn__content">
              Mar
            </div>
          </button>
        </td>
      </tr>
      <tr>
        <td>
          <button type="button"
                  class="g-btn"
          >
            <div class="g-btn__content">
              Apr
            </div>
          </button>
        </td>
        <td>
          <button type="button"
                  class="g-btn"
          >
            <div class="g-btn__content">
              May
            </div>
          </button>
        </td>
        <td>
          <button type="button"
                  class="g-btn"
          >
            <div class="g-btn__content">
              Jun
            </div>
          </button>
        </td>
      </tr>
      <tr>
        <td>
          <button type="button"
                  class="g-btn"
          >
            <div class="g-btn__content">
              Jul
            </div>
          </button>
        </td>
        <td>
          <button type="button"
                  class="g-btn"
          >
            <div class="g-btn__content">
              Aug
            </div>
          </button>
        </td>
        <td>
          <button type="button"
                  class="g-btn"
          >
            <div class="g-btn__content">
              Sep
            </div>
          </button>
        </td>
      </tr>
      <tr>
        <td>
          <button type="button"
                  class="g-btn"
          >
            <div class="g-btn__content">
              Oct
            </div>
          </button>
        </td>
        <td>
          <button type="button"
                  class="g-btn"
          >
            <div class="g-btn__content">
              Nov
            </div>
          </button>
        </td>
        <td>
          <button type="button"
                  class="g-btn"
          >
            <div class="g-btn__content">
              Dec
            </div>
          </button>
        </td>
      </tr>
    </tbody>
  </table>
</div>
`;

exports[`GDatePickerTitle.js should render component with events colored by function and match snapshot 1`] = `
<div class="g-date-picker-table g-date-picker-table--month">
  <table name="tab-transition">
    <tbody>
      <tr>
        <td>
          <button type="button"
                  class="g-btn"
          >
            <div class="g-btn__content">
              Jan
            </div>
          </button>
        </td>
        <td>
          <button type="button"
                  class="g-btn"
          >
            <div class="g-btn__content">
              Feb
            </div>
          </button>
        </td>
        <td>
          <button type="button"
                  class="g-btn"
          >
            <div class="g-btn__content">
              Mar
            </div>
          </button>
        </td>
      </tr>
      <tr>
        <td>
          <button type="button"
                  class="g-btn"
          >
            <div class="g-btn__content">
              Apr
            </div>
          </button>
        </td>
        <td>
          <button type="button"
                  class="g-btn"
          >
            <div class="g-btn__content">
              May
            </div>
          </button>
        </td>
        <td>
          <button type="button"
                  class="g-btn"
          >
            <div class="g-btn__content">
              Jun
            </div>
          </button>
        </td>
      </tr>
      <tr>
        <td>
          <button type="button"
                  class="g-btn"
          >
            <div class="g-btn__content">
              Jul
            </div>
          </button>
        </td>
        <td>
          <button type="button"
                  class="g-btn"
          >
            <div class="g-btn__content">
              Aug
            </div>
          </button>
        </td>
        <td>
          <button type="button"
                  class="g-btn"
          >
            <div class="g-btn__content">
              Sep
            </div>
          </button>
        </td>
      </tr>
      <tr>
        <td>
          <button type="button"
                  class="g-btn"
          >
            <div class="g-btn__content">
              Oct
            </div>
          </button>
        </td>
        <td>
          <button type="button"
                  class="g-btn"
          >
            <div class="g-btn__content">
              Nov
            </div>
          </button>
        </td>
        <td>
          <button type="button"
                  class="g-btn"
          >
            <div class="g-btn__content">
              Dec
            </div>
          </button>
        </td>
      </tr>
    </tbody>
  </table>
</div>
`;

exports[`GDatePickerTitle.js should render component with events colored by object and match snapshot 1`] = `
<div class="g-date-picker-table g-date-picker-table--month">
  <table name="tab-transition">
    <tbody>
      <tr>
        <td>
          <button type="button"
                  class="g-btn"
          >
            <div class="g-btn__content">
              Jan
            </div>
          </button>
        </td>
        <td>
          <button type="button"
                  class="g-btn"
          >
            <div class="g-btn__content">
              Feb
            </div>
          </button>
        </td>
        <td>
          <button type="button"
                  class="g-btn"
          >
            <div class="g-btn__content">
              Mar
            </div>
          </button>
        </td>
      </tr>
      <tr>
        <td>
          <button type="button"
                  class="g-btn"
          >
            <div class="g-btn__content">
              Apr
            </div>
          </button>
        </td>
        <td>
          <button type="button"
                  class="g-btn"
          >
            <div class="g-btn__content">
              May
            </div>
          </button>
        </td>
        <td>
          <button type="button"
                  class="g-btn"
          >
            <div class="g-btn__content">
              Jun
            </div>
          </button>
        </td>
      </tr>
      <tr>
        <td>
          <button type="button"
                  class="g-btn"
          >
            <div class="g-btn__content">
              Jul
            </div>
          </button>
        </td>
        <td>
          <button type="button"
                  class="g-btn"
          >
            <div class="g-btn__content">
              Aug
            </div>
          </button>
        </td>
        <td>
          <button type="button"
                  class="g-btn"
          >
            <div class="g-btn__content">
              Sep
            </div>
          </button>
        </td>
      </tr>
      <tr>
        <td>
          <button type="button"
                  class="g-btn"
          >
            <div class="g-btn__content">
              Oct
            </div>
          </button>
        </td>
        <td>
          <button type="button"
                  class="g-btn"
          >
            <div class="g-btn__content">
              Nov
            </div>
          </button>
        </td>
        <td>
          <button type="button"
                  class="g-btn"
          >
            <div class="g-btn__content">
              Dec
            </div>
          </button>
        </td>
      </tr>
    </tbody>
  </table>
</div>
`;
